// Jest Snapshot v1, https://goo.gl/fbAQLP

exports[`Headlines List should render a snapshot 1`] = `<div />`;
